{
  "version": "1.5.0",
  "plugins_used": [
    {
      "name": "ArtifactoryDetector"
    },
    {
      "name": "AWSKeyDetector"
    },
    {
      "name": "AzureStorageKeyDetector"
    },
    {
      "name": "Base64HighEntropyString",
      "limit": 4.5
    },
    {
      "name": "BasicAuthDetector"
    },
    {
      "name": "CloudantDetector"
    },
    {
      "name": "DiscordBotTokenDetector"
    },
    {
      "name": "GitHubTokenDetector"
    },
    {
      "name": "GitLabTokenDetector"
    },
    {
      "name": "HexHighEntropyString",
      "limit": 3.0
    },
    {
      "name": "IbmCloudIamDetector"
    },
    {
      "name": "IbmCosHmacDetector"
    },
    {
      "name": "IPPublicDetector"
    },
    {
      "name": "JwtTokenDetector"
    },
    {
      "name": "KeywordDetector",
      "keyword_exclude": ""
    },
    {
      "name": "MailchimpDetector"
    },
    {
      "name": "NpmDetector"
    },
    {
      "name": "OpenAIDetector"
    },
    {
      "name": "PrivateKeyDetector"
    },
    {
      "name": "PypiTokenDetector"
    },
    {
      "name": "SendGridDetector"
    },
    {
      "name": "SlackDetector"
    },
    {
      "name": "SoftlayerDetector"
    },
    {
      "name": "SquareOAuthDetector"
    },
    {
      "name": "StripeDetector"
    },
    {
      "name": "TelegramBotTokenDetector"
    },
    {
      "name": "TwilioKeyDetector"
    }
  ],
  "filters_used": [
    {
      "path": "detect_secrets.filters.allowlist.is_line_allowlisted"
    },
    {
      "path": "detect_secrets.filters.heuristic.is_indirect_reference"
    },
    {
      "path": "detect_secrets.filters.heuristic.is_likely_id_string"
    },
    {
      "path": "detect_secrets.filters.heuristic.is_lock_file"
    },
    {
      "path": "detect_secrets.filters.heuristic.is_not_alphanumeric_string"
    },
    {
      "path": "detect_secrets.filters.heuristic.is_potential_uuid"
    },
    {
      "path": "detect_secrets.filters.heuristic.is_prefixed_with_dollar_sign"
    },
    {
      "path": "detect_secrets.filters.heuristic.is_sequential_string"
    },
    {
      "path": "detect_secrets.filters.heuristic.is_swagger_file"
    },
    {
      "path": "detect_secrets.filters.heuristic.is_templated_secret"
    },
    {
      "path": "detect_secrets.filters.regex.should_exclude_file",
      "pattern": [
        "(^requirements/.*\\.lock$|^\\.secrets\\.baseline$)"
      ]
    }
  ],
  "results": {
    "docs/IDENTITY.md": [
      {
        "type": "Secret Keyword",
        "filename": "docs/IDENTITY.md",
        "hashed_secret": "a47fa13900a103eef498637d97cf6158b8794165",
        "is_verified": false,
        "line_number": 43,
        "is_secret": false
      }
    ],
    "evaluations/diagnostics/cases.json": [
      {
        "type": "Base64 High Entropy String",
        "filename": "evaluations/diagnostics/cases.json",
        "hashed_secret": "269bad68bb2a9165e41ce3dd3c15fbd5308ee139",
        "is_verified": false,
        "line_number": 21,
        "is_secret": false
      },
      {
        "type": "Base64 High Entropy String",
        "filename": "evaluations/diagnostics/cases.json",
        "hashed_secret": "944d465d8ae102a206879042fc36fad00403fbdf",
        "is_verified": false,
        "line_number": 235,
        "is_secret": false
      }
    ],
    "tests/test_identity_wiring.py": [
      {
        "type": "Basic Auth Credentials",
        "filename": "tests/test_identity_wiring.py",
        "hashed_secret": "5baa61e4c9b93f3f0682250b6cf8331b7ee68fd8",
        "is_verified": false,
        "line_number": 43,
        "is_secret": false
      },
      {
        "type": "Secret Keyword",
        "filename": "tests/test_identity_wiring.py",
        "hashed_secret": "6d799316592b2c5670c1aecf7ae284fc4647b32b",
        "is_verified": false,
        "line_number": 176,
        "is_secret": false
      }
    ],
    "tests/test_observability.py": [
      {
        "type": "Basic Auth Credentials",
        "filename": "tests/test_observability.py",
        "hashed_secret": "9d4e1e23bd5b727046a9e3b4b7db57bd8d6ee684",
        "is_verified": false,
        "line_number": 58,
        "is_secret": false
      }
    ],
    "tests/test_security_controls.py": [
      {
        "type": "Secret Keyword",
        "filename": "tests/test_security_controls.py",
        "hashed_secret": "6761f3ce9278273ad3007680cabffaf34aa0edbc",
        "is_verified": false,
        "line_number": 38,
        "is_secret": false
      },
      {
        "type": "Basic Auth Credentials",
        "filename": "tests/test_security_controls.py",
        "hashed_secret": "f9310f785a11255f0975f3ac9e5cfee3070810ee",
        "is_verified": false,
        "line_number": 40,
        "is_secret": false
      },
      {
        "type": "Private Key",
        "filename": "tests/test_security_controls.py",
        "hashed_secret": "1348b145fa1a555461c1b790a2f66614781091e9",
        "is_verified": false,
        "line_number": 43,
        "is_secret": false
      },
      {
        "type": "Secret Keyword",
        "filename": "tests/test_security_controls.py",
        "hashed_secret": "70ac08a653fcdafd7b2a3e9bd92c972f170152ef",
        "is_verified": false,
        "line_number": 55,
        "is_secret": false
      },
      {
        "type": "Secret Keyword",
        "filename": "tests/test_security_controls.py",
        "hashed_secret": "e90f7d7aa34460b6d2218d1ef6d75e90868ae172",
        "is_verified": false,
        "line_number": 788,
        "is_secret": false
      },
      {
        "type": "Secret Keyword",
        "filename": "tests/test_security_controls.py",
        "hashed_secret": "385fcd6760f6432fcdc51c5f995ea61a31d5bbab",
        "is_verified": false,
        "line_number": 892,
        "is_secret": false
      }
    ],
    "tests/test_ui.py": [
      {
        "type": "Secret Keyword",
        "filename": "tests/test_ui.py",
        "hashed_secret": "85b08e4f345ab1ecec5bb90797f60a2ff0c669a4",
        "is_verified": false,
        "line_number": 15,
        "is_secret": false
      }
    ]
  },
  "generated_at": "2026-10-07T12:49:44Z"
}
