{
  "version": "1.5.0",
  "plugins_used": [
    {
      "name": "ArtifactoryDetector"
    },
    {
      "name": "AWSKeyDetector"
    },
    {
      "name": "AzureStorageKeyDetector"
    },
    {
      "name": "Base64HighEntropyString",
      "limit": 4.5
    },
    {
      "name": "BasicAuthDetector"
    },
    {
      "name": "CloudantDetector"
    },
    {
      "name": "DiscordBotTokenDetector"
    },
    {
      "name": "GitHubTokenDetector"
    },
    {
      "name": "GitLabTokenDetector"
    },
    {
      "name": "HexHighEntropyString",
      "limit": 3.0
    },
    {
      "name": "IbmCloudIamDetector"
    },
    {
      "name": "IbmCosHmacDetector"
    },
    {
      "name": "IPPublicDetector"
    },
    {
      "name": "JwtTokenDetector"
    },
    {
      "name": "KeywordDetector",
      "keyword_exclude": ""
    },
    {
      "name": "MailchimpDetector"
    },
    {
      "name": "NpmDetector"
    },
    {
      "name": "OpenAIDetector"
    },
    {
      "name": "PrivateKeyDetector"
    },
    {
      "name": "PypiTokenDetector"
    },
    {
      "name": "SendGridDetector"
    },
    {
      "name": "SlackDetector"
    },
    {
      "name": "SoftlayerDetector"
    },
    {
      "name": "SquareOAuthDetector"
    },
    {
      "name": "StripeDetector"
    },
    {
      "name": "TelegramBotTokenDetector"
    },
    {
      "name": "TwilioKeyDetector"
    }
  ],
  "filters_used": [
    {
      "path": "detect_secrets.filters.allowlist.is_line_allowlisted"
    },
    {
      "path": "detect_secrets.filters.heuristic.is_indirect_reference"
    },
    {
      "path": "detect_secrets.filters.heuristic.is_likely_id_string"
    },
    {
      "path": "detect_secrets.filters.heuristic.is_lock_file"
    },
    {
      "path": "detect_secrets.filters.heuristic.is_not_alphanumeric_string"
    },
    {
      "path": "detect_secrets.filters.heuristic.is_potential_uuid"
    },
    {
      "path": "detect_secrets.filters.heuristic.is_prefixed_with_dollar_sign"
    },
    {
      "path": "detect_secrets.filters.heuristic.is_sequential_string"
    },
    {
      "path": "detect_secrets.filters.heuristic.is_swagger_file"
    },
    {
      "path": "detect_secrets.filters.heuristic.is_templated_secret"
    },
    {
      "path": "detect_secrets.filters.regex.should_exclude_file",
      "pattern": [
        "(^requirements/.*\\.lock$|^\\.secrets\\.baseline$)"
      ]
    }
  ],
  "results": {
    "docs/implementation/evidence/phase-0/account-preflight-summary.json": [
      {
        "type": "Hex High Entropy String",
        "filename": "docs/implementation/evidence/phase-0/account-preflight-summary.json",
        "hashed_secret": "6a3d292a25e263af84bc306a866b6c8dd81ac443",
        "is_verified": false,
        "line_number": 38,
        "is_secret": false
      }
    ],
    "docs/implementation/evidence/phase-0/baseline-checks.json": [
      {
        "type": "Hex High Entropy String",
        "filename": "docs/implementation/evidence/phase-0/baseline-checks.json",
        "hashed_secret": "4a9c8581c491d7de231eed860ec6b9328b819507",
        "is_verified": false,
        "line_number": 8,
        "is_secret": false
      },
      {
        "type": "Hex High Entropy String",
        "filename": "docs/implementation/evidence/phase-0/baseline-checks.json",
        "hashed_secret": "ffeb76a8642eee905220555dec1782e94f144a09",
        "is_verified": false,
        "line_number": 13,
        "is_secret": false
      },
      {
        "type": "Hex High Entropy String",
        "filename": "docs/implementation/evidence/phase-0/baseline-checks.json",
        "hashed_secret": "e38e17b5c9cf671c36db263d32716fb8e5e55bb3",
        "is_verified": false,
        "line_number": 18,
        "is_secret": false
      },
      {
        "type": "Hex High Entropy String",
        "filename": "docs/implementation/evidence/phase-0/baseline-checks.json",
        "hashed_secret": "a0aab66108fc3f26d10648cbe4fc9de1109ebbc9",
        "is_verified": false,
        "line_number": 23,
        "is_secret": false
      },
      {
        "type": "Hex High Entropy String",
        "filename": "docs/implementation/evidence/phase-0/baseline-checks.json",
        "hashed_secret": "e91f2701a354c796f30a1c54a6369939847f568f",
        "is_verified": false,
        "line_number": 28,
        "is_secret": false
      },
      {
        "type": "Hex High Entropy String",
        "filename": "docs/implementation/evidence/phase-0/baseline-checks.json",
        "hashed_secret": "5f8dc9720c506d2db70f75537bd7a8b4e0909fc0",
        "is_verified": false,
        "line_number": 33,
        "is_secret": false
      },
      {
        "type": "Hex High Entropy String",
        "filename": "docs/implementation/evidence/phase-0/baseline-checks.json",
        "hashed_secret": "09ca9b50cd4ff405723407ae34d7878ed93952fd",
        "is_verified": false,
        "line_number": 38,
        "is_secret": false
      },
      {
        "type": "Hex High Entropy String",
        "filename": "docs/implementation/evidence/phase-0/baseline-checks.json",
        "hashed_secret": "2c90f47195670f6b5d5dda1e1aa2b06a04b7787a",
        "is_verified": false,
        "line_number": 43,
        "is_secret": false
      },
      {
        "type": "Hex High Entropy String",
        "filename": "docs/implementation/evidence/phase-0/baseline-checks.json",
        "hashed_secret": "628205d8afb1d20c1c0a890e429550300d8050cf",
        "is_verified": false,
        "line_number": 48,
        "is_secret": false
      },
      {
        "type": "Hex High Entropy String",
        "filename": "docs/implementation/evidence/phase-0/baseline-checks.json",
        "hashed_secret": "28a44927907e6a8b4bc5d2d34dd0c6fe8fe96ebc",
        "is_verified": false,
        "line_number": 53,
        "is_secret": false
      },
      {
        "type": "Hex High Entropy String",
        "filename": "docs/implementation/evidence/phase-0/baseline-checks.json",
        "hashed_secret": "df1d5e1cb695d347b0f056a896b1a7610aaad674",
        "is_verified": false,
        "line_number": 58,
        "is_secret": false
      },
      {
        "type": "Hex High Entropy String",
        "filename": "docs/implementation/evidence/phase-0/baseline-checks.json",
        "hashed_secret": "ea0e0d6de20895053b73a6e8dcc3e85de9af2ca0",
        "is_verified": false,
        "line_number": 63,
        "is_secret": false
      },
      {
        "type": "Hex High Entropy String",
        "filename": "docs/implementation/evidence/phase-0/baseline-checks.json",
        "hashed_secret": "a3a143e46075a25602ad80422142c89a69477333",
        "is_verified": false,
        "line_number": 68,
        "is_secret": false
      },
      {
        "type": "Hex High Entropy String",
        "filename": "docs/implementation/evidence/phase-0/baseline-checks.json",
        "hashed_secret": "6a6463d9528e8a625c1a35dd94817f83e9a8ff76",
        "is_verified": false,
        "line_number": 73,
        "is_secret": false
      }
    ],
    "docs/implementation/evidence/phase-0/baseline-manifest.json": [
      {
        "type": "Hex High Entropy String",
        "filename": "docs/implementation/evidence/phase-0/baseline-manifest.json",
        "hashed_secret": "3f26a8d16f02935b6da00a54a2e80c84578e529b",
        "is_verified": false,
        "line_number": 3,
        "is_secret": false
      },
      {
        "type": "Hex High Entropy String",
        "filename": "docs/implementation/evidence/phase-0/baseline-manifest.json",
        "hashed_secret": "3badf0e419aeb93b7075ebb5dffb09029c417fa2",
        "is_verified": false,
        "line_number": 36,
        "is_secret": false
      },
      {
        "type": "Hex High Entropy String",
        "filename": "docs/implementation/evidence/phase-0/baseline-manifest.json",
        "hashed_secret": "97a07e373c6ed9be81253b579e9c775b3b6665d5",
        "is_verified": false,
        "line_number": 40,
        "is_secret": false
      },
      {
        "type": "Hex High Entropy String",
        "filename": "docs/implementation/evidence/phase-0/baseline-manifest.json",
        "hashed_secret": "dec0139d23933288ef80e01b8e2c225254fc9f84",
        "is_verified": false,
        "line_number": 46,
        "is_secret": false
      },
      {
        "type": "Hex High Entropy String",
        "filename": "docs/implementation/evidence/phase-0/baseline-manifest.json",
        "hashed_secret": "e2b3c91431491eb96204994eeb51c9a1f108d334",
        "is_verified": false,
        "line_number": 52,
        "is_secret": false
      },
      {
        "type": "Hex High Entropy String",
        "filename": "docs/implementation/evidence/phase-0/baseline-manifest.json",
        "hashed_secret": "3d7f0b376e20c5eedf5b47c5979c63fdaa365b03",
        "is_verified": false,
        "line_number": 58,
        "is_secret": false
      },
      {
        "type": "Hex High Entropy String",
        "filename": "docs/implementation/evidence/phase-0/baseline-manifest.json",
        "hashed_secret": "409f2f6c24b5f1ed4739939e719b7181a3daf15b",
        "is_verified": false,
        "line_number": 64,
        "is_secret": false
      },
      {
        "type": "Hex High Entropy String",
        "filename": "docs/implementation/evidence/phase-0/baseline-manifest.json",
        "hashed_secret": "1ad29f4418029e2dab2fe70666033e0aba633e1d",
        "is_verified": false,
        "line_number": 70,
        "is_secret": false
      },
      {
        "type": "Hex High Entropy String",
        "filename": "docs/implementation/evidence/phase-0/baseline-manifest.json",
        "hashed_secret": "be995bd28dc10fbe7721248f31a824a77f517b9f",
        "is_verified": false,
        "line_number": 76,
        "is_secret": false
      },
      {
        "type": "Hex High Entropy String",
        "filename": "docs/implementation/evidence/phase-0/baseline-manifest.json",
        "hashed_secret": "deb6648e93541069b7d0f02b0d1dc6b8c592ae90",
        "is_verified": false,
        "line_number": 82,
        "is_secret": false
      },
      {
        "type": "Hex High Entropy String",
        "filename": "docs/implementation/evidence/phase-0/baseline-manifest.json",
        "hashed_secret": "f5047d71be34cb11c0019ef52ad4ac81914cda7b",
        "is_verified": false,
        "line_number": 88,
        "is_secret": false
      },
      {
        "type": "Hex High Entropy String",
        "filename": "docs/implementation/evidence/phase-0/baseline-manifest.json",
        "hashed_secret": "4a9c8581c491d7de231eed860ec6b9328b819507",
        "is_verified": false,
        "line_number": 94,
        "is_secret": false
      },
      {
        "type": "Hex High Entropy String",
        "filename": "docs/implementation/evidence/phase-0/baseline-manifest.json",
        "hashed_secret": "d0b1526901af3960d747326b6cf133e1004bb6a6",
        "is_verified": false,
        "line_number": 100,
        "is_secret": false
      },
      {
        "type": "Hex High Entropy String",
        "filename": "docs/implementation/evidence/phase-0/baseline-manifest.json",
        "hashed_secret": "ffeb76a8642eee905220555dec1782e94f144a09",
        "is_verified": false,
        "line_number": 106,
        "is_secret": false
      },
      {
        "type": "Hex High Entropy String",
        "filename": "docs/implementation/evidence/phase-0/baseline-manifest.json",
        "hashed_secret": "e38e17b5c9cf671c36db263d32716fb8e5e55bb3",
        "is_verified": false,
        "line_number": 112,
        "is_secret": false
      },
      {
        "type": "Hex High Entropy String",
        "filename": "docs/implementation/evidence/phase-0/baseline-manifest.json",
        "hashed_secret": "a0aab66108fc3f26d10648cbe4fc9de1109ebbc9",
        "is_verified": false,
        "line_number": 118,
        "is_secret": false
      },
      {
        "type": "Hex High Entropy String",
        "filename": "docs/implementation/evidence/phase-0/baseline-manifest.json",
        "hashed_secret": "e91f2701a354c796f30a1c54a6369939847f568f",
        "is_verified": false,
        "line_number": 124,
        "is_secret": false
      },
      {
        "type": "Hex High Entropy String",
        "filename": "docs/implementation/evidence/phase-0/baseline-manifest.json",
        "hashed_secret": "5f8dc9720c506d2db70f75537bd7a8b4e0909fc0",
        "is_verified": false,
        "line_number": 130,
        "is_secret": false
      },
      {
        "type": "Hex High Entropy String",
        "filename": "docs/implementation/evidence/phase-0/baseline-manifest.json",
        "hashed_secret": "843bb0050652534d6096d596a1223eaffec2052e",
        "is_verified": false,
        "line_number": 136,
        "is_secret": false
      },
      {
        "type": "Hex High Entropy String",
        "filename": "docs/implementation/evidence/phase-0/baseline-manifest.json",
        "hashed_secret": "09ca9b50cd4ff405723407ae34d7878ed93952fd",
        "is_verified": false,
        "line_number": 142,
        "is_secret": false
      },
      {
        "type": "Hex High Entropy String",
        "filename": "docs/implementation/evidence/phase-0/baseline-manifest.json",
        "hashed_secret": "2c90f47195670f6b5d5dda1e1aa2b06a04b7787a",
        "is_verified": false,
        "line_number": 148,
        "is_secret": false
      },
      {
        "type": "Hex High Entropy String",
        "filename": "docs/implementation/evidence/phase-0/baseline-manifest.json",
        "hashed_secret": "628205d8afb1d20c1c0a890e429550300d8050cf",
        "is_verified": false,
        "line_number": 154,
        "is_secret": false
      },
      {
        "type": "Hex High Entropy String",
        "filename": "docs/implementation/evidence/phase-0/baseline-manifest.json",
        "hashed_secret": "28a44927907e6a8b4bc5d2d34dd0c6fe8fe96ebc",
        "is_verified": false,
        "line_number": 160,
        "is_secret": false
      },
      {
        "type": "Hex High Entropy String",
        "filename": "docs/implementation/evidence/phase-0/baseline-manifest.json",
        "hashed_secret": "df1d5e1cb695d347b0f056a896b1a7610aaad674",
        "is_verified": false,
        "line_number": 166,
        "is_secret": false
      },
      {
        "type": "Hex High Entropy String",
        "filename": "docs/implementation/evidence/phase-0/baseline-manifest.json",
        "hashed_secret": "ea0e0d6de20895053b73a6e8dcc3e85de9af2ca0",
        "is_verified": false,
        "line_number": 172,
        "is_secret": false
      },
      {
        "type": "Hex High Entropy String",
        "filename": "docs/implementation/evidence/phase-0/baseline-manifest.json",
        "hashed_secret": "a3a143e46075a25602ad80422142c89a69477333",
        "is_verified": false,
        "line_number": 178,
        "is_secret": false
      },
      {
        "type": "Hex High Entropy String",
        "filename": "docs/implementation/evidence/phase-0/baseline-manifest.json",
        "hashed_secret": "6a6463d9528e8a625c1a35dd94817f83e9a8ff76",
        "is_verified": false,
        "line_number": 184,
        "is_secret": false
      }
    ],
    "docs/implementation/evidence/phase-0/checkout-validation.json": [
      {
        "type": "Hex High Entropy String",
        "filename": "docs/implementation/evidence/phase-0/checkout-validation.json",
        "hashed_secret": "a66eb26a8c69e35f080e42f8a35c5e6336daa98e",
        "is_verified": false,
        "line_number": 5,
        "is_secret": false
      }
    ],
    "docs/implementation/evidence/phase-0/regressions.json": [
      {
        "type": "Hex High Entropy String",
        "filename": "docs/implementation/evidence/phase-0/regressions.json",
        "hashed_secret": "d3f6ed796c33d5839dfb39fb8f0de337c2f02bf4",
        "is_verified": false,
        "line_number": 126,
        "is_secret": false
      },
      {
        "type": "Hex High Entropy String",
        "filename": "docs/implementation/evidence/phase-0/regressions.json",
        "hashed_secret": "628205d8afb1d20c1c0a890e429550300d8050cf",
        "is_verified": false,
        "line_number": 127,
        "is_secret": false
      },
      {
        "type": "Hex High Entropy String",
        "filename": "docs/implementation/evidence/phase-0/regressions.json",
        "hashed_secret": "2c90f47195670f6b5d5dda1e1aa2b06a04b7787a",
        "is_verified": false,
        "line_number": 128,
        "is_secret": false
      },
      {
        "type": "Hex High Entropy String",
        "filename": "docs/implementation/evidence/phase-0/regressions.json",
        "hashed_secret": "4f66df9177d7c5b99b548d273e22007c3c8798bd",
        "is_verified": false,
        "line_number": 129,
        "is_secret": false
      },
      {
        "type": "Hex High Entropy String",
        "filename": "docs/implementation/evidence/phase-0/regressions.json",
        "hashed_secret": "a0aab66108fc3f26d10648cbe4fc9de1109ebbc9",
        "is_verified": false,
        "line_number": 130,
        "is_secret": false
      },
      {
        "type": "Hex High Entropy String",
        "filename": "docs/implementation/evidence/phase-0/regressions.json",
        "hashed_secret": "e91f2701a354c796f30a1c54a6369939847f568f",
        "is_verified": false,
        "line_number": 131,
        "is_secret": false
      },
      {
        "type": "Hex High Entropy String",
        "filename": "docs/implementation/evidence/phase-0/regressions.json",
        "hashed_secret": "5f8dc9720c506d2db70f75537bd7a8b4e0909fc0",
        "is_verified": false,
        "line_number": 132,
        "is_secret": false
      }
    ],
    "docs/implementation/phase-0/fixtures.json": [
      {
        "type": "Base64 High Entropy String",
        "filename": "docs/implementation/phase-0/fixtures.json",
        "hashed_secret": "1f46e33c12ecbd944dbea79637c13d752bae5c13",
        "is_verified": false,
        "line_number": 12,
        "is_secret": false
      }
    ],
    "docs/implementation/phase-0/reference-inventory.json": [
      {
        "type": "Base64 High Entropy String",
        "filename": "docs/implementation/phase-0/reference-inventory.json",
        "hashed_secret": "75b11ad4feef4dfba4cfe438c1fc535af34db70a",
        "is_verified": false,
        "line_number": 27,
        "is_secret": false
      },
      {
        "type": "Base64 High Entropy String",
        "filename": "docs/implementation/phase-0/reference-inventory.json",
        "hashed_secret": "1f46e33c12ecbd944dbea79637c13d752bae5c13",
        "is_verified": false,
        "line_number": 46,
        "is_secret": false
      }
    ],
    "tests/test_config.py": [
      {
        "type": "Secret Keyword",
        "filename": "tests/test_config.py",
        "hashed_secret": "a0f4ea7d91495df92bbac2e2149dfb850fe81396",
        "is_verified": false,
        "line_number": 66,
        "is_secret": false
      },
      {
        "type": "Secret Keyword",
        "filename": "tests/test_config.py",
        "hashed_secret": "8e66f6845881ec79d6433f13b2182bc7672b2e3a",
        "is_verified": false,
        "line_number": 85,
        "is_secret": false
      }
    ],
    "tests/test_ui.py": [
      {
        "type": "Secret Keyword",
        "filename": "tests/test_ui.py",
        "hashed_secret": "85b08e4f345ab1ecec5bb90797f60a2ff0c669a4",
        "is_verified": false,
        "line_number": 14,
        "is_secret": false
      }
    ],
    "docs/implementation/evidence/phase-1/build-validation.json": [
      {
        "type": "Hex High Entropy String",
        "filename": "docs/implementation/evidence/phase-1/build-validation.json",
        "hashed_secret": "49b8037b1bf0246893c3ed85ef80393732a044bf",
        "is_verified": false,
        "line_number": 26,
        "is_secret": false
      },
      {
        "type": "Hex High Entropy String",
        "filename": "docs/implementation/evidence/phase-1/build-validation.json",
        "hashed_secret": "6d4e1153eefd8add00ea5f61f1a1c10ac3ce9423",
        "is_verified": false,
        "line_number": 28,
        "is_secret": false
      },
      {
        "type": "Hex High Entropy String",
        "filename": "docs/implementation/evidence/phase-1/build-validation.json",
        "hashed_secret": "ed3ab13a989e4ca014f531a8f40c18b2274d68f9",
        "is_verified": false,
        "line_number": 29,
        "is_secret": false
      },
      {
        "type": "Hex High Entropy String",
        "filename": "docs/implementation/evidence/phase-1/build-validation.json",
        "hashed_secret": "8df79b8ea6d9087274a2061cf2a6de3ca825287d",
        "is_verified": false,
        "line_number": 30,
        "is_secret": false
      },
      {
        "type": "Hex High Entropy String",
        "filename": "docs/implementation/evidence/phase-1/build-validation.json",
        "hashed_secret": "afc88cc2a33a69735e72ca004c5a3ab846e34de2",
        "is_verified": false,
        "line_number": 31,
        "is_secret": false
      },
      {
        "type": "Hex High Entropy String",
        "filename": "docs/implementation/evidence/phase-1/build-validation.json",
        "hashed_secret": "4a1ade58ca4217b8959e4361d94858fd96558636",
        "is_verified": false,
        "line_number": 32,
        "is_secret": false
      },
      {
        "type": "Hex High Entropy String",
        "filename": "docs/implementation/evidence/phase-1/build-validation.json",
        "hashed_secret": "b1e6482c726d7c18b7f56ac11ec99abf7458860f",
        "is_verified": false,
        "line_number": 33,
        "is_secret": false
      },
      {
        "type": "Hex High Entropy String",
        "filename": "docs/implementation/evidence/phase-1/build-validation.json",
        "hashed_secret": "f2e5de487caef8686115797d0aadf717492db25b",
        "is_verified": false,
        "line_number": 34,
        "is_secret": false
      },
      {
        "type": "Hex High Entropy String",
        "filename": "docs/implementation/evidence/phase-1/build-validation.json",
        "hashed_secret": "d98788d33bb47a19cd2d35903e52935fbfcbe3e3",
        "is_verified": false,
        "line_number": 35,
        "is_secret": false
      },
      {
        "type": "Hex High Entropy String",
        "filename": "docs/implementation/evidence/phase-1/build-validation.json",
        "hashed_secret": "282bccb7dec16f585d2d327bf02a88eb8ff88481",
        "is_verified": false,
        "line_number": 36,
        "is_secret": false
      },
      {
        "type": "Hex High Entropy String",
        "filename": "docs/implementation/evidence/phase-1/build-validation.json",
        "hashed_secret": "25c4b604fdc7455a232b6baca79fb5197c9cc7fd",
        "is_verified": false,
        "line_number": 42,
        "is_secret": false
      },
      {
        "type": "Hex High Entropy String",
        "filename": "docs/implementation/evidence/phase-1/build-validation.json",
        "hashed_secret": "07439a7942e44cd7f89fb0d6d024cf56d4002743",
        "is_verified": false,
        "line_number": 52,
        "is_secret": false
      },
      {
        "type": "Hex High Entropy String",
        "filename": "docs/implementation/evidence/phase-1/build-validation.json",
        "hashed_secret": "e5b30688b7006209b19638e18cbfb3dbe998cb3d",
        "is_verified": false,
        "line_number": 58,
        "is_secret": false
      },
      {
        "type": "Hex High Entropy String",
        "filename": "docs/implementation/evidence/phase-1/build-validation.json",
        "hashed_secret": "c9a9f07e046b8c048ada976674c439e19efdffbd",
        "is_verified": false,
        "line_number": 68,
        "is_secret": false
      },
      {
        "type": "Hex High Entropy String",
        "filename": "docs/implementation/evidence/phase-1/build-validation.json",
        "hashed_secret": "a63310438d1ea2a3ad6cb81480756a288f9ada79",
        "is_verified": false,
        "line_number": 72,
        "is_secret": false
      },
      {
        "type": "Hex High Entropy String",
        "filename": "docs/implementation/evidence/phase-1/build-validation.json",
        "hashed_secret": "74aa1869af110e53aa692fb5a6d28ba11fa82b8f",
        "is_verified": false,
        "line_number": 75,
        "is_secret": false
      },
      {
        "type": "Hex High Entropy String",
        "filename": "docs/implementation/evidence/phase-1/build-validation.json",
        "hashed_secret": "3d2ab73f03e5569527e7aa68fcdf0f64f87f42db",
        "is_verified": false,
        "line_number": 76,
        "is_secret": false
      },
      {
        "type": "Hex High Entropy String",
        "filename": "docs/implementation/evidence/phase-1/build-validation.json",
        "hashed_secret": "803fbd1acbb742af74a6cf6f7654b4b5bd044706",
        "is_verified": false,
        "line_number": 77,
        "is_secret": false
      },
      {
        "type": "Hex High Entropy String",
        "filename": "docs/implementation/evidence/phase-1/build-validation.json",
        "hashed_secret": "09072ac024a852afaab82b60acf811a19598719d",
        "is_verified": false,
        "line_number": 78,
        "is_secret": false
      },
      {
        "type": "Hex High Entropy String",
        "filename": "docs/implementation/evidence/phase-1/build-validation.json",
        "hashed_secret": "bf9dc65b66e6173fbb2bf97f4f6a6943675f9fed",
        "is_verified": false,
        "line_number": 79,
        "is_secret": false
      },
      {
        "type": "Hex High Entropy String",
        "filename": "docs/implementation/evidence/phase-1/build-validation.json",
        "hashed_secret": "224451590784c0c008430c7d89b0c03bd22cd7f5",
        "is_verified": false,
        "line_number": 80,
        "is_secret": false
      },
      {
        "type": "Hex High Entropy String",
        "filename": "docs/implementation/evidence/phase-1/build-validation.json",
        "hashed_secret": "e8108f6665efe0d14046a63df16ebc6398d11290",
        "is_verified": false,
        "line_number": 81,
        "is_secret": false
      }
    ],
    "docs/implementation/evidence/phase-1/validation.json": [
      {
        "type": "Hex High Entropy String",
        "filename": "docs/implementation/evidence/phase-1/validation.json",
        "hashed_secret": "24596a175b188fdbf5bb13d7975ab49e0f269319",
        "is_verified": false,
        "line_number": 33,
        "is_secret": false
      },
      {
        "type": "Hex High Entropy String",
        "filename": "docs/implementation/evidence/phase-1/validation.json",
        "hashed_secret": "f409e60d0ae8f773943c5f806a2e3d652527d6a9",
        "is_verified": false,
        "line_number": 34,
        "is_secret": false
      },
      {
        "type": "Hex High Entropy String",
        "filename": "docs/implementation/evidence/phase-1/validation.json",
        "hashed_secret": "d641865d12b4a17f9fe5e22a12ec7e8381248f55",
        "is_verified": false,
        "line_number": 35,
        "is_secret": false
      },
      {
        "type": "Hex High Entropy String",
        "filename": "docs/implementation/evidence/phase-1/validation.json",
        "hashed_secret": "289b3c8ab8d7d5bab6b2f189c1ef876718ca5c5f",
        "is_verified": false,
        "line_number": 36,
        "is_secret": false
      },
      {
        "type": "Hex High Entropy String",
        "filename": "docs/implementation/evidence/phase-1/validation.json",
        "hashed_secret": "a75f65ce38d803ccab616d811f381f349d0ef89b",
        "is_verified": false,
        "line_number": 37,
        "is_secret": false
      },
      {
        "type": "Hex High Entropy String",
        "filename": "docs/implementation/evidence/phase-1/validation.json",
        "hashed_secret": "dc2b07d94ba0c5ffbb354e3d8a3287fb83643ee1",
        "is_verified": false,
        "line_number": 38,
        "is_secret": false
      },
      {
        "type": "Hex High Entropy String",
        "filename": "docs/implementation/evidence/phase-1/validation.json",
        "hashed_secret": "45381b08a13e0a7d39bc250e0d6901d024e576ee",
        "is_verified": false,
        "line_number": 39,
        "is_secret": false
      },
      {
        "type": "Hex High Entropy String",
        "filename": "docs/implementation/evidence/phase-1/validation.json",
        "hashed_secret": "ed3ab13a989e4ca014f531a8f40c18b2274d68f9",
        "is_verified": false,
        "line_number": 40,
        "is_secret": false
      },
      {
        "type": "Hex High Entropy String",
        "filename": "docs/implementation/evidence/phase-1/validation.json",
        "hashed_secret": "8df79b8ea6d9087274a2061cf2a6de3ca825287d",
        "is_verified": false,
        "line_number": 41,
        "is_secret": false
      },
      {
        "type": "Hex High Entropy String",
        "filename": "docs/implementation/evidence/phase-1/validation.json",
        "hashed_secret": "afc88cc2a33a69735e72ca004c5a3ab846e34de2",
        "is_verified": false,
        "line_number": 42,
        "is_secret": false
      },
      {
        "type": "Hex High Entropy String",
        "filename": "docs/implementation/evidence/phase-1/validation.json",
        "hashed_secret": "4a1ade58ca4217b8959e4361d94858fd96558636",
        "is_verified": false,
        "line_number": 43,
        "is_secret": false
      },
      {
        "type": "Hex High Entropy String",
        "filename": "docs/implementation/evidence/phase-1/validation.json",
        "hashed_secret": "b1e6482c726d7c18b7f56ac11ec99abf7458860f",
        "is_verified": false,
        "line_number": 44,
        "is_secret": false
      },
      {
        "type": "Hex High Entropy String",
        "filename": "docs/implementation/evidence/phase-1/validation.json",
        "hashed_secret": "f2e5de487caef8686115797d0aadf717492db25b",
        "is_verified": false,
        "line_number": 45,
        "is_secret": false
      },
      {
        "type": "Hex High Entropy String",
        "filename": "docs/implementation/evidence/phase-1/validation.json",
        "hashed_secret": "d98788d33bb47a19cd2d35903e52935fbfcbe3e3",
        "is_verified": false,
        "line_number": 46,
        "is_secret": false
      },
      {
        "type": "Hex High Entropy String",
        "filename": "docs/implementation/evidence/phase-1/validation.json",
        "hashed_secret": "282bccb7dec16f585d2d327bf02a88eb8ff88481",
        "is_verified": false,
        "line_number": 47,
        "is_secret": false
      },
      {
        "type": "Hex High Entropy String",
        "filename": "docs/implementation/evidence/phase-1/validation.json",
        "hashed_secret": "07439a7942e44cd7f89fb0d6d024cf56d4002743",
        "is_verified": false,
        "line_number": 48,
        "is_secret": false
      },
      {
        "type": "Hex High Entropy String",
        "filename": "docs/implementation/evidence/phase-1/validation.json",
        "hashed_secret": "c9a9f07e046b8c048ada976674c439e19efdffbd",
        "is_verified": false,
        "line_number": 49,
        "is_secret": false
      },
      {
        "type": "Hex High Entropy String",
        "filename": "docs/implementation/evidence/phase-1/validation.json",
        "hashed_secret": "a6201ef92a24a1dc583cf5656d2eb93af5006748",
        "is_verified": false,
        "line_number": 50,
        "is_secret": false
      },
      {
        "type": "Hex High Entropy String",
        "filename": "docs/implementation/evidence/phase-1/validation.json",
        "hashed_secret": "21fa8db4dede098295ad88ade524e6504117824f",
        "is_verified": false,
        "line_number": 51,
        "is_secret": false
      },
      {
        "type": "Hex High Entropy String",
        "filename": "docs/implementation/evidence/phase-1/validation.json",
        "hashed_secret": "dd9f2282c0cd75ca2d987d5354b9d03d4fc2abe5",
        "is_verified": false,
        "line_number": 52,
        "is_secret": false
      },
      {
        "type": "Hex High Entropy String",
        "filename": "docs/implementation/evidence/phase-1/validation.json",
        "hashed_secret": "1f475eecafc1400970da80847cdadc5d781b1bad",
        "is_verified": false,
        "line_number": 53,
        "is_secret": false
      },
      {
        "type": "Hex High Entropy String",
        "filename": "docs/implementation/evidence/phase-1/validation.json",
        "hashed_secret": "34344d8c7e312613be047b60a3c3a58747f434c9",
        "is_verified": false,
        "line_number": 54,
        "is_secret": false
      },
      {
        "type": "Hex High Entropy String",
        "filename": "docs/implementation/evidence/phase-1/validation.json",
        "hashed_secret": "0d83ae9fae2e40b9c4b79381dfd7c3beb2647081",
        "is_verified": false,
        "line_number": 55,
        "is_secret": false
      },
      {
        "type": "Hex High Entropy String",
        "filename": "docs/implementation/evidence/phase-1/validation.json",
        "hashed_secret": "a63310438d1ea2a3ad6cb81480756a288f9ada79",
        "is_verified": false,
        "line_number": 56,
        "is_secret": false
      },
      {
        "type": "Hex High Entropy String",
        "filename": "docs/implementation/evidence/phase-1/validation.json",
        "hashed_secret": "e8c515aea06601b3ab45b48093f84cba5c56c56e",
        "is_verified": false,
        "line_number": 57,
        "is_secret": false
      },
      {
        "type": "Hex High Entropy String",
        "filename": "docs/implementation/evidence/phase-1/validation.json",
        "hashed_secret": "ed3fc22458cae6245884f6d3bf1df47a47ead4f8",
        "is_verified": false,
        "line_number": 58,
        "is_secret": false
      },
      {
        "type": "Hex High Entropy String",
        "filename": "docs/implementation/evidence/phase-1/validation.json",
        "hashed_secret": "1d6935dac726ba5cae4cfbc25b5193726e58ade4",
        "is_verified": false,
        "line_number": 59,
        "is_secret": false
      },
      {
        "type": "Hex High Entropy String",
        "filename": "docs/implementation/evidence/phase-1/validation.json",
        "hashed_secret": "4af34fbf1ab5a0c5c698875651b14d443ea9438b",
        "is_verified": false,
        "line_number": 60,
        "is_secret": false
      },
      {
        "type": "Hex High Entropy String",
        "filename": "docs/implementation/evidence/phase-1/validation.json",
        "hashed_secret": "93a376a2d6dcc4940a8d03fd83e4e41d3bf52d7e",
        "is_verified": false,
        "line_number": 61,
        "is_secret": false
      },
      {
        "type": "Hex High Entropy String",
        "filename": "docs/implementation/evidence/phase-1/validation.json",
        "hashed_secret": "1444ac3d62a0ee705d4c7555d6976ed42d7ac70a",
        "is_verified": false,
        "line_number": 62,
        "is_secret": false
      },
      {
        "type": "Hex High Entropy String",
        "filename": "docs/implementation/evidence/phase-1/validation.json",
        "hashed_secret": "8b06b3f60efd61d907d3806d7bdf7ca561957540",
        "is_verified": false,
        "line_number": 63,
        "is_secret": false
      },
      {
        "type": "Hex High Entropy String",
        "filename": "docs/implementation/evidence/phase-1/validation.json",
        "hashed_secret": "58a590b1c3d8c82afa2d441fec462e6d980eb794",
        "is_verified": false,
        "line_number": 64,
        "is_secret": false
      },
      {
        "type": "Hex High Entropy String",
        "filename": "docs/implementation/evidence/phase-1/validation.json",
        "hashed_secret": "e44eb5f6ed3306edd268d73aa50adf5017c931d9",
        "is_verified": false,
        "line_number": 65,
        "is_secret": false
      },
      {
        "type": "Hex High Entropy String",
        "filename": "docs/implementation/evidence/phase-1/validation.json",
        "hashed_secret": "24d35ccb3ee0154c5741cf20c4db933078284256",
        "is_verified": false,
        "line_number": 66,
        "is_secret": false
      },
      {
        "type": "Hex High Entropy String",
        "filename": "docs/implementation/evidence/phase-1/validation.json",
        "hashed_secret": "a3a143e46075a25602ad80422142c89a69477333",
        "is_verified": false,
        "line_number": 67,
        "is_secret": false
      },
      {
        "type": "Hex High Entropy String",
        "filename": "docs/implementation/evidence/phase-1/validation.json",
        "hashed_secret": "8666dd4090df491074fcb5cc41af224827e98c62",
        "is_verified": false,
        "line_number": 68,
        "is_secret": false
      },
      {
        "type": "Hex High Entropy String",
        "filename": "docs/implementation/evidence/phase-1/validation.json",
        "hashed_secret": "244f421f896bdcdd2784dccf4eaf7c8dfd5189b5",
        "is_verified": false,
        "line_number": 69,
        "is_secret": false
      },
      {
        "type": "Hex High Entropy String",
        "filename": "docs/implementation/evidence/phase-1/validation.json",
        "hashed_secret": "4d713e55e6a0acd9795d77fa660ff4979a912b90",
        "is_verified": false,
        "line_number": 70,
        "is_secret": false
      },
      {
        "type": "Hex High Entropy String",
        "filename": "docs/implementation/evidence/phase-1/validation.json",
        "hashed_secret": "771f8c5c1ac11945dfe2765ea8af35b1075f0485",
        "is_verified": false,
        "line_number": 71,
        "is_secret": false
      },
      {
        "type": "Hex High Entropy String",
        "filename": "docs/implementation/evidence/phase-1/validation.json",
        "hashed_secret": "02dabc0a3bff249bf66d260eb65a6190024006ff",
        "is_verified": false,
        "line_number": 73,
        "is_secret": false
      },
      {
        "type": "Hex High Entropy String",
        "filename": "docs/implementation/evidence/phase-1/validation.json",
        "hashed_secret": "d1a7bf96bb5aefecba12ba1acdd87eeb948bf526",
        "is_verified": false,
        "line_number": 74,
        "is_secret": false
      },
      {
        "type": "Hex High Entropy String",
        "filename": "docs/implementation/evidence/phase-1/validation.json",
        "hashed_secret": "252eed4408df9ec0c4dc58ffc05d0bc554fdf2c1",
        "is_verified": false,
        "line_number": 75,
        "is_secret": false
      },
      {
        "type": "Hex High Entropy String",
        "filename": "docs/implementation/evidence/phase-1/validation.json",
        "hashed_secret": "1c8c7dda359d1ce810f535b80a07f2603c27a082",
        "is_verified": false,
        "line_number": 76,
        "is_secret": false
      },
      {
        "type": "Hex High Entropy String",
        "filename": "docs/implementation/evidence/phase-1/validation.json",
        "hashed_secret": "8fe7339555cd22acb2d6762b3d4c0d89b65e7ecc",
        "is_verified": false,
        "line_number": 77,
        "is_secret": false
      },
      {
        "type": "Hex High Entropy String",
        "filename": "docs/implementation/evidence/phase-1/validation.json",
        "hashed_secret": "c6b16f419fc66ecdf5536274c3df2485e7e766fc",
        "is_verified": false,
        "line_number": 78,
        "is_secret": false
      },
      {
        "type": "Hex High Entropy String",
        "filename": "docs/implementation/evidence/phase-1/validation.json",
        "hashed_secret": "10aacaa5e81d4fa2bdadafcf2e6ea3f6f6554e76",
        "is_verified": false,
        "line_number": 79,
        "is_secret": false
      },
      {
        "type": "Hex High Entropy String",
        "filename": "docs/implementation/evidence/phase-1/validation.json",
        "hashed_secret": "2b156fa8f34f40897bc30d75c5430d9d0b0ef25f",
        "is_verified": false,
        "line_number": 80,
        "is_secret": false
      },
      {
        "type": "Hex High Entropy String",
        "filename": "docs/implementation/evidence/phase-1/validation.json",
        "hashed_secret": "46db5fe52f2c81c276899bb485827624e420f31d",
        "is_verified": false,
        "line_number": 81,
        "is_secret": false
      }
    ]
  },
  "generated_at": "2026-10-05T05:29:26Z"
}
